✔ [8558/8599] Built SP1Clean.ByteOpcodeTable (7.1s)
✔ [8559/8599] Built SP1Clean.Reader.ITypeReader (9.3s)
✔ [8560/8599] Built SP1Clean.IsZeroOperation (9.5s)
✔ [8561/8599] Built SP1Clean.Reader.ALUTypeReader (11s)
✔ [8562/8599] Built SP1Clean.MemoryAccess (11s)
✔ [8563/8599] Built SP1Clean.SubwOperation (8.9s)
✔ [8564/8599] Built SP1Clean.SubOperation (9.4s)
✔ [8565/8599] Built SP1Clean.AddwOperation (10s)
✔ [8566/8599] Built SP1Clean.U16MSBOperation (11s)
✔ [8567/8599] Built SP1Clean.BitwiseOperation (11s)
✔ [8568/8599] Built SP1Clean.ProgramTable (18s)
ℹ [8569/8599] Built SP1Clean.Reader.CPUState (12s)
info: SP1Clean/Reader/CPUState.lean:211:2: Try this:
  [apply] ring_nf
  
  The `ring` tactic failed to close the goal. Use `ring_nf` to obtain a normal form.
    
  Note that `ring` works primarily in *commutative* rings. If you have a noncommutative ring, abelian group or module, consider using `noncomm_ring`, `abel` or `module` instead.
✔ [8570/8599] Built SP1Clean.AddOperation (13s)
✔ [8571/8599] Built SP1Clean.Reader.RTypeReader (9.6s)
✔ [8572/8599] Built SP1Clean.Reader.JTypeReader (10s)
✔ [8573/8599] Built SP1Clean.LoadDoubleChip (16s)
✔ [8574/8599] Built SP1Clean.LtChip (17s)
✔ [8575/8599] Built SP1Clean.ShiftRightChip (17s)
✔ [8576/8599] Built SP1Clean.StoreHalfChip (18s)
✔ [8577/8599] Built SP1Clean.LoadWordChip (20s)
✔ [8578/8599] Built SP1Clean.ShiftLeftChip (20s)
✔ [8579/8599] Built SP1Clean.DivRemChip (19s)
✔ [8580/8599] Built SP1Clean.LoadHalfChip (21s)
✔ [8581/8599] Built SP1Clean.BranchChip (22s)
✔ [8582/8599] Built SP1Clean.StoreWordChip (17s)
✔ [8583/8599] Built SP1Clean.LoadByteChip (26s)
✔ [8584/8599] Built SP1Clean.StoreByteChip (27s)
✔ [8585/8599] Built SP1Clean.StoreDoubleChip (18s)
✔ [8586/8599] Built SP1Clean.LoadX0Chip (32s)
✔ [8587/8599] Built SP1Clean.JalChip (14s)
✔ [8588/8599] Built SP1Clean.UTypeChip (10s)
✔ [8589/8599] Built SP1Clean.JalrChip (18s)
✔ [8590/8599] Built SP1Clean.BitwiseChip (22s)
✔ [8591/8599] Built SP1Clean.AddwChip (24s)
✔ [8592/8599] Built SP1Clean.AddiChip (23s)
✔ [8593/8599] Built SP1Clean.SubChip (20s)
✔ [8594/8599] Built SP1Clean.SubwChip (21s)
✔ [8595/8599] Built SP1Clean.AddChip (23s)
✔ [8596/8599] Built SP1Clean.MulChip (22s)
✔ [8597/8599] Built SP1Clean.Soundness.MemoryConsistency (7.4s)
✔ [8598/8599] Built SP1Clean (5.3s)
Build completed successfully (8599 jobs).
