import took 1.4s
simp took 118ms
dsimp took 84.5ms
dsimp took 84.8ms
simp took 53ms
simp took 50.9ms
simp took 51ms
simp took 50.9ms
tactic execution of tacticDecompose_provable_struct took 91.1ms
simp took 515ms
simp took 496ms
simp took 50.5ms
simp took 50.1ms
simp took 50.2ms
tactic execution of tacticDecompose_provable_struct took 111ms
simp took 522ms
simp took 498ms
simp took 51.3ms
simp took 51.3ms
simp took 52.2ms
simp took 51.4ms
tactic execution of tacticDecompose_provable_struct took 108ms
simp took 523ms
simp took 498ms
simp took 51.6ms
simp took 51.9ms
simp took 54ms
simp took 52.7ms
tactic execution of tacticDecompose_provable_struct took 108ms
simp took 51.6ms
simp took 50.1ms
simp took 52.4ms
simp took 52ms
tactic execution of tacticDecompose_provable_struct took 69.5ms
simp took 52.5ms
simp took 51.3ms
simp took 4.55s
simp took 4.63s
tactic execution of Lean.Parser.Tactic.obtain took 6.94s
tactic execution of Lean.Parser.Tactic.rewriteSeq took 92ms
tactic execution of Lean.Parser.Tactic.rewriteSeq took 93.2ms
tactic execution of Lean.Parser.Tactic.rewriteSeq took 93.2ms
tactic execution of Lean.Parser.Tactic.rewriteSeq took 93.1ms
tactic execution of Lean.Parser.Tactic.rewriteSeq took 72.3ms
tactic execution of Lean.Parser.Tactic.rewriteSeq took 72.8ms
tactic execution of Lean.Parser.Tactic.rewriteSeq took 65.9ms
tactic execution of Lean.Parser.Tactic.rewriteSeq took 70.2ms
tactic execution of Lean.Parser.Tactic.rewriteSeq took 70ms
tactic execution of Lean.Parser.Tactic.rewriteSeq took 71.8ms
tactic execution of Lean.Parser.Tactic.rewriteSeq took 71.4ms
tactic execution of Lean.Parser.Tactic.rewriteSeq took 74.1ms
tactic execution of Lean.Parser.Tactic.rewriteSeq took 73.6ms
tactic execution of Lean.Parser.Tactic.rewriteSeq took 75ms
tactic execution of Lean.Parser.Tactic.rewriteSeq took 100ms
tactic execution of Lean.Parser.Tactic.rewriteSeq took 83.1ms
tactic execution of Lean.Parser.Tactic.rewriteSeq took 84.1ms
tactic execution of Lean.Parser.Tactic.clearValue took 479ms
tactic execution of Lean.Parser.Tactic.rewriteSeq took 67.9ms
tactic execution of Lean.Parser.Tactic.rewriteSeq took 65.5ms
tactic execution of Lean.Parser.Tactic.rewriteSeq took 123ms
tactic execution of Lean.Parser.Tactic.rewriteSeq took 119ms
tactic execution of Lean.Parser.Tactic.rewriteSeq took 114ms
tactic execution of Lean.Parser.Tactic.rewriteSeq took 115ms
tactic execution of Lean.Parser.Tactic.rewriteSeq took 104ms
tactic execution of Lean.Parser.Tactic.rewriteSeq took 114ms
tactic execution of Lean.Parser.Tactic.rewriteSeq took 119ms
tactic execution of Lean.Parser.Tactic.rewriteSeq took 114ms
tactic execution of Lean.Parser.Tactic.clearValue took 97.4ms
tactic execution of Lean.Parser.Tactic.rewriteSeq took 51.9ms
tactic execution of Lean.Parser.Tactic.rewriteSeq took 59.4ms
tactic execution of Lean.Parser.Tactic.rewriteSeq took 54.9ms
tactic execution of Lean.Parser.Tactic.rewriteSeq took 65ms
tactic execution of Lean.Parser.Tactic.rewriteSeq took 60.6ms
tactic execution of Lean.Parser.Tactic.rewriteSeq took 64.2ms
tactic execution of Lean.Parser.Tactic.rewriteSeq took 64.2ms
tactic execution of Lean.Parser.Tactic.rewriteSeq took 59.7ms
tactic execution of Lean.Parser.Tactic.rewriteSeq took 58.3ms
tactic execution of Lean.Parser.Tactic.rewriteSeq took 61.5ms
tactic execution of Lean.Parser.Tactic.rewriteSeq took 56.8ms
tactic execution of Lean.Parser.Tactic.rewriteSeq took 65.8ms
tactic execution of Lean.Parser.Tactic.rewriteSeq took 54.2ms
tactic execution of Lean.Parser.Tactic.rewriteSeq took 58.2ms
tactic execution of Lean.Parser.Tactic.rewriteSeq took 54.9ms
tactic execution of Lean.Parser.Tactic.rewriteSeq took 55.4ms
tactic execution of Lean.Parser.Tactic.rewriteSeq took 52.2ms
tactic execution of Lean.Parser.Tactic.rewriteSeq took 52.5ms
tactic execution of Lean.Parser.Tactic.rewriteSeq took 51.2ms
tactic execution of Lean.Parser.Tactic.rewriteSeq took 52ms
tactic execution of Lean.Parser.Tactic.rewriteSeq took 52.8ms
tactic execution of Lean.Parser.Tactic.rewriteSeq took 53.8ms
tactic execution of Lean.Parser.Tactic.rewriteSeq took 51.8ms
tactic execution of Lean.Parser.Tactic.rewriteSeq took 51.8ms
tactic execution of Lean.Parser.Tactic.rewriteSeq took 52.9ms
tactic execution of Lean.Parser.Tactic.rewriteSeq took 51.6ms
tactic execution of Lean.Parser.Tactic.show took 59.4ms
tactic execution of Lean.Parser.Tactic.rewriteSeq took 52.8ms
tactic execution of Lean.Parser.Tactic.rewriteSeq took 53ms
tactic execution of Lean.Parser.Tactic.rewriteSeq took 50.2ms
tactic execution of Lean.Parser.Tactic.rewriteSeq took 50ms
tactic execution of Lean.Parser.Tactic.rewriteSeq took 53.8ms
tactic execution of Lean.Parser.Tactic.rewriteSeq took 52.7ms
tactic execution of Lean.Parser.Tactic.rewriteSeq took 52.8ms
tactic execution of Lean.Parser.Tactic.rewriteSeq took 52.9ms
tactic execution of Lean.Parser.Tactic.rewriteSeq took 52.4ms
tactic execution of Lean.Parser.Tactic.rewriteSeq took 53.9ms
tactic execution of Lean.Parser.Tactic.rewriteSeq took 52.7ms
tactic execution of Lean.Parser.Tactic.rewriteSeq took 52.6ms
tactic execution of Lean.Parser.Tactic.rewriteSeq took 52.2ms
tactic execution of Lean.Parser.Tactic.rewriteSeq took 53.5ms
tactic execution of Lean.Parser.Tactic.show took 59.9ms
tactic execution of Lean.Parser.Tactic.rewriteSeq took 52.9ms
tactic execution of Lean.Parser.Tactic.rewriteSeq took 56.3ms
tactic execution of Lean.Parser.Tactic.rewriteSeq took 55.4ms
tactic execution of Lean.Parser.Tactic.rewriteSeq took 53.4ms
tactic execution of Lean.Parser.Tactic.rewriteSeq took 54.3ms
tactic execution of Lean.Parser.Tactic.rewriteSeq took 51.5ms
tactic execution of Lean.Parser.Tactic.rewriteSeq took 53.4ms
tactic execution of Lean.Parser.Tactic.rewriteSeq took 53.3ms
tactic execution of Lean.Parser.Tactic.rewriteSeq took 50.2ms
tactic execution of Lean.Parser.Tactic.rewriteSeq took 51.5ms
tactic execution of Lean.Parser.Tactic.rewriteSeq took 52.9ms
tactic execution of Lean.Parser.Tactic.rewriteSeq took 55.4ms
tactic execution of Lean.Parser.Tactic.rewriteSeq took 51.4ms
tactic execution of Lean.Parser.Tactic.rewriteSeq took 53.3ms
tactic execution of Lean.Parser.Tactic.rewriteSeq took 54.9ms
tactic execution of Lean.Parser.Tactic.rewriteSeq took 52.2ms
tactic execution of Lean.Parser.Tactic.rewriteSeq took 53.7ms
tactic execution of Lean.Parser.Tactic.rewriteSeq took 54.6ms
tactic execution of Lean.Parser.Tactic.rewriteSeq took 51.9ms
tactic execution of Lean.Parser.Tactic.show took 50.6ms
tactic execution of Lean.Parser.Tactic.rewriteSeq took 52.1ms
tactic execution of Lean.Parser.Tactic.rewriteSeq took 54.8ms
tactic execution of Lean.Parser.Tactic.rewriteSeq took 53.4ms
tactic execution of Lean.Parser.Tactic.rewriteSeq took 54.6ms
tactic execution of Lean.Parser.Tactic.rewriteSeq took 50.7ms
tactic execution of Lean.Parser.Tactic.rewriteSeq took 50.1ms
tactic execution of Lean.Parser.Tactic.rewriteSeq took 52.4ms
tactic execution of Lean.Parser.Tactic.rewriteSeq took 52.2ms
tactic execution of Lean.Parser.Tactic.rewriteSeq took 52.4ms
tactic execution of Lean.Parser.Tactic.rewriteSeq took 53ms
tactic execution of Lean.Parser.Tactic.rewriteSeq took 53ms
tactic execution of Lean.Parser.Tactic.rewriteSeq took 53.2ms
tactic execution of Lean.Parser.Tactic.rewriteSeq took 51ms
tactic execution of Lean.Parser.Tactic.rewriteSeq took 55.4ms
tactic execution of Lean.Parser.Tactic.rewriteSeq took 52.6ms
tactic execution of Lean.Parser.Tactic.rewriteSeq took 52.6ms
tactic execution of Lean.Parser.Tactic.rewriteSeq took 51.1ms
tactic execution of Lean.Parser.Tactic.show took 54.4ms
tactic execution of Lean.Parser.Tactic.rewriteSeq took 99.7ms
tactic execution of Lean.Parser.Tactic.rewriteSeq took 98ms
tactic execution of Lean.Parser.Tactic.rewriteSeq took 98.7ms
tactic execution of Lean.Parser.Tactic.rewriteSeq took 100ms
tactic execution of Lean.Parser.Tactic.rewriteSeq took 78.4ms
tactic execution of Lean.Parser.Tactic.rewriteSeq took 78.2ms
tactic execution of Lean.Parser.Tactic.rewriteSeq took 71.7ms
tactic execution of Lean.Parser.Tactic.rewriteSeq took 74.8ms
tactic execution of Lean.Parser.Tactic.rewriteSeq took 75.8ms
tactic execution of Lean.Parser.Tactic.rewriteSeq took 76.7ms
tactic execution of Lean.Parser.Tactic.rewriteSeq took 76.4ms
tactic execution of Lean.Parser.Tactic.rewriteSeq took 77.4ms
tactic execution of Lean.Parser.Tactic.rewriteSeq took 78.3ms
tactic execution of Lean.Parser.Tactic.rewriteSeq took 80.4ms
tactic execution of Lean.Parser.Tactic.rewriteSeq took 101ms
tactic execution of Lean.Parser.Tactic.rewriteSeq took 84.6ms
tactic execution of Lean.Parser.Tactic.rewriteSeq took 85.7ms
tactic execution of Lean.Parser.Tactic.clearValue took 474ms
tactic execution of Lean.Parser.Tactic.rewriteSeq took 52.5ms
tactic execution of Lean.Parser.Tactic.rewriteSeq took 56.4ms
tactic execution of Lean.Parser.Tactic.rewriteSeq took 54ms
tactic execution of Lean.Parser.Tactic.rewriteSeq took 107ms
tactic execution of Lean.Parser.Tactic.rewriteSeq took 106ms
tactic execution of Lean.Parser.Tactic.rewriteSeq took 102ms
tactic execution of Lean.Parser.Tactic.rewriteSeq took 101ms
tactic execution of Lean.Parser.Tactic.rewriteSeq took 96.5ms
tactic execution of Lean.Parser.Tactic.rewriteSeq took 103ms
tactic execution of Lean.Parser.Tactic.clearValue took 53.8ms
tactic execution of Lean.Parser.Tactic.rewriteSeq took 118ms
tactic execution of Lean.Parser.Tactic.rewriteSeq took 51.2ms
tactic execution of Lean.Parser.Tactic.rewriteSeq took 129ms
instantiate metavars took 31.1s
share common exprs took 640ms
process pre-definitions took 447ms
elaboration took 714ms
type checking took 1.79s
interpretation of Mathlib.TacticAnalysis.tacticAnalysis._lam_0._boxed took 1.24s
interpretation of Batteries.Linter.UnnecessarySeqFocus.unnecessarySeqFocusLinter._lam_1._boxed took 356ms
linting took 323ms
cumulative profiling times:
	attribute application 0.145ms
	compilation (IR) 15.9ms
	compilation (LCNF base) 40.9ms
	compilation (LCNF mono) 9.33ms
	congr simp thm 42.1ms
	dsimp 2.59s
	elaboration 731ms
	fix level params 26.8ms
	import 1.4s
	initialization 29.1ms
	instantiate metavars 31.1s
	interpretation 2.25s
	let-to-have transformation 0.0398ms
	linting 325ms
	norm_num 90.2ms
	parsing 28.7ms
	process pre-definitions 448ms
	ring 215ms
	share common exprs 640ms
	simp 14.3s
	tactic execution 36.2s
	type checking 1.86s
	typeclass inference 20.2s
