import took 985ms
tactic execution of Lean.Parser.Tactic.omega took 53ms
process pre-definitions took 152ms
elaboration took 1.18s
interpretation of _private.Mathlib.Tactic.Linter.UnusedTactic.0.Mathlib.Linter.UnusedTactic.unusedTacticLinter._lam_0._boxed took 329ms
interpretation of Mathlib.TacticAnalysis.tacticAnalysis._lam_0._boxed took 1.09s
interpretation of Batteries.Linter.UnreachableTactic.unreachableTacticLinter._lam_0._boxed took 339ms
interpretation of Batteries.Linter.UnnecessarySeqFocus.unnecessarySeqFocusLinter._lam_1._boxed took 315ms
linting took 405ms
simp took 19.5s
simp took 203ms
tactic execution of Lean.Parser.Tactic.simp took 103ms
simp took 13.3s
simp took 209ms
tactic execution of Lean.Parser.Tactic.omega took 131ms
simp took 24.1s
simp took 239ms
share common exprs took 4.85s
fix level params took 127ms
process pre-definitions took 4.74s
elaboration took 11.7s
type checking took 14.4s
type checking took 7.65s
type checking took 18.1s
cumulative profiling times:
	attribute application 2.36ms
	blocked (unaccounted) 0.753ms
	compilation (IR) 79.1ms
	compilation (LCNF base) 101ms
	compilation (LCNF mono) 60.9ms
	congr simp thm 68.7ms
	dsimp 47.6ms
	elaboration 12.9s
	fix level params 127ms
	import 985ms
	initialization 35.5ms
	instantiate metavars 2.58ms
	interpretation 2.36s
	let-to-have transformation 46.7ms
	linting 413ms
	parsing 19.1ms
	process pre-definitions 4.9s
	share common exprs 4.86s
	simp 57.6s
	tactic execution 17.4s
	type checking 40.3s
	typeclass inference 14.4s
