import took 998ms
simp took 126ms
tactic execution of tacticDecompose_provable_struct took 59.6ms
tactic execution of tacticDecompose_provable_struct took 56.2ms
tactic execution of tacticDecompose_provable_struct took 52.1ms
tactic execution of tacticDecompose_provable_struct took 53.2ms
simp took 388ms
simp took 438ms
instantiate metavars took 1.07s
elaboration took 76.6ms
type checking took 437ms
interpretation of _private.Mathlib.Tactic.Linter.UnusedTactic.0.Mathlib.Linter.UnusedTactic.unusedTacticLinter._lam_0._boxed took 80.5ms
interpretation of Mathlib.TacticAnalysis.tacticAnalysis._lam_0._boxed took 246ms
interpretation of Batteries.Linter.UnreachableTactic.unreachableTacticLinter._lam_0._boxed took 79.2ms
interpretation of Batteries.Linter.UnnecessarySeqFocus.unnecessarySeqFocusLinter._lam_1._boxed took 73.2ms
linting took 67.6ms
simp took 143ms
simp took 111ms
simp took 405ms
instantiate metavars took 795ms
process pre-definitions took 57.6ms
elaboration took 94.6ms
type checking took 321ms
interpretation of _private.Mathlib.Tactic.Linter.UnusedTactic.0.Mathlib.Linter.UnusedTactic.unusedTacticLinter._lam_0._boxed took 143ms
interpretation of Mathlib.TacticAnalysis.tacticAnalysis._lam_0._boxed took 448ms
interpretation of Batteries.Linter.UnreachableTactic.unreachableTacticLinter._lam_0._boxed took 137ms
interpretation of Batteries.Linter.UnnecessarySeqFocus.unnecessarySeqFocusLinter._lam_1._boxed took 128ms
linting took 116ms
simp took 118ms
cumulative profiling times:
	attribute application 0.171ms
	compilation (IR) 36.4ms
	compilation (LCNF base) 65.1ms
	compilation (LCNF mono) 21ms
	congr simp thm 29.2ms
	dsimp 1.2s
	elaboration 220ms
	fix level params 9.54ms
	import 998ms
	initialization 30.9ms
	instantiate metavars 1.87s
	interpretation 1.63s
	let-to-have transformation 0.0994ms
	linting 195ms
	norm_num 5.9ms
	parsing 9.3ms
	process pre-definitions 108ms
	share common exprs 74.2ms
	simp 2.43s
	tactic execution 18.4s
	type checking 839ms
	typeclass inference 9.42s
