import took 947ms
interpretation of ProvableStructDeriving.provableStructDerivingHandler._boxed took 60.7ms
tactic execution of Lean.Parser.Tactic.omega took 384ms
tactic execution of Lean.Parser.Tactic.rewriteSeq took 56.7ms
tactic execution of Lean.Parser.Tactic.rewriteSeq took 64.7ms
tactic execution of Lean.Parser.Tactic.rewriteSeq took 57.4ms
tactic execution of Lean.Parser.Tactic.rewriteSeq took 64.7ms
tactic execution of Lean.Parser.Tactic.rewriteSeq took 56.9ms
tactic execution of Lean.Parser.Tactic.rewriteSeq took 54.6ms
tactic execution of Lean.Parser.Tactic.rewriteSeq took 56.2ms
tactic execution of Lean.Parser.Tactic.rewriteSeq took 53.9ms
tactic execution of Lean.Parser.Tactic.rewriteSeq took 60.3ms
tactic execution of Lean.Parser.Tactic.rewriteSeq took 69.4ms
tactic execution of Lean.Parser.Tactic.rewriteSeq took 56.8ms
tactic execution of Lean.Parser.Tactic.rewriteSeq took 65.1ms
tactic execution of Lean.Parser.Tactic.rewriteSeq took 58.3ms
tactic execution of Lean.Parser.Tactic.rewriteSeq took 54.7ms
tactic execution of Lean.Parser.Tactic.rewriteSeq took 57.4ms
tactic execution of Lean.Parser.Tactic.rewriteSeq took 55.4ms
tactic execution of Lean.Parser.Tactic.rewriteSeq took 61.9ms
tactic execution of Lean.Parser.Tactic.rewriteSeq took 73ms
tactic execution of Lean.Parser.Tactic.rewriteSeq took 58.3ms
tactic execution of Lean.Parser.Tactic.rewriteSeq took 66ms
tactic execution of Lean.Parser.Tactic.rewriteSeq took 59.7ms
tactic execution of Lean.Parser.Tactic.rewriteSeq took 57.4ms
tactic execution of Lean.Parser.Tactic.rewriteSeq took 58.1ms
tactic execution of Lean.Parser.Tactic.rewriteSeq took 55.6ms
tactic execution of Lean.Parser.Tactic.rewriteSeq took 62.6ms
tactic execution of Lean.Parser.Tactic.rewriteSeq took 74.1ms
tactic execution of Lean.Parser.Tactic.rewriteSeq took 57.8ms
tactic execution of Lean.Parser.Tactic.rewriteSeq took 67.4ms
tactic execution of Lean.Parser.Tactic.rewriteSeq took 59.2ms
tactic execution of Lean.Parser.Tactic.rewriteSeq took 56.3ms
tactic execution of Lean.Parser.Tactic.rewriteSeq took 57.8ms
tactic execution of Lean.Parser.Tactic.rewriteSeq took 55.7ms
tactic execution of Lean.Parser.Tactic.rewriteSeq took 62ms
tactic execution of Lean.Parser.Tactic.rewriteSeq took 76.3ms
tactic execution of Lean.Parser.Tactic.rewriteSeq took 59.9ms
tactic execution of Lean.Parser.Tactic.rewriteSeq took 68.2ms
tactic execution of Lean.Parser.Tactic.rewriteSeq took 59.8ms
tactic execution of Lean.Parser.Tactic.rewriteSeq took 56.9ms
tactic execution of Lean.Parser.Tactic.rewriteSeq took 58.7ms
tactic execution of Lean.Parser.Tactic.rewriteSeq took 56.8ms
tactic execution of Lean.Parser.Tactic.rewriteSeq took 63ms
tactic execution of Lean.Parser.Tactic.rewriteSeq took 74.7ms
tactic execution of Lean.Parser.Tactic.rewriteSeq took 59ms
tactic execution of Lean.Parser.Tactic.rewriteSeq took 68.6ms
tactic execution of Lean.Parser.Tactic.rewriteSeq took 59.2ms
tactic execution of Lean.Parser.Tactic.rewriteSeq took 57ms
tactic execution of Lean.Parser.Tactic.rewriteSeq took 58.8ms
tactic execution of Lean.Parser.Tactic.rewriteSeq took 57.1ms
tactic execution of Lean.Parser.Tactic.rewriteSeq took 63.9ms
tactic execution of Lean.Parser.Tactic.rewriteSeq took 77.5ms
tactic execution of Lean.Parser.Tactic.rewriteSeq took 60ms
tactic execution of Lean.Parser.Tactic.rewriteSeq took 69.9ms
tactic execution of Lean.Parser.Tactic.rewriteSeq took 61.4ms
tactic execution of Lean.Parser.Tactic.rewriteSeq took 57.4ms
tactic execution of Lean.Parser.Tactic.rewriteSeq took 58.4ms
tactic execution of Lean.Parser.Tactic.rewriteSeq took 57.9ms
tactic execution of Lean.Parser.Tactic.rewriteSeq took 63.6ms
tactic execution of Lean.Parser.Tactic.rewriteSeq took 76.2ms
tactic execution of Lean.Parser.Tactic.rewriteSeq took 59.1ms
tactic execution of Lean.Parser.Tactic.rewriteSeq took 69.5ms
tactic execution of Lean.Parser.Tactic.rewriteSeq took 60ms
tactic execution of Lean.Parser.Tactic.rewriteSeq took 57.3ms
tactic execution of Lean.Parser.Tactic.rewriteSeq took 59.8ms
tactic execution of Lean.Parser.Tactic.rewriteSeq took 57ms
tactic execution of Lean.Parser.Tactic.rewriteSeq took 63.3ms
tactic execution of Lean.Parser.Tactic.rewriteSeq took 79.1ms
tactic execution of Lean.Parser.Tactic.rewriteSeq took 61.2ms
tactic execution of Lean.Parser.Tactic.rewriteSeq took 69.5ms
tactic execution of Lean.Parser.Tactic.rewriteSeq took 61.3ms
tactic execution of Lean.Parser.Tactic.rewriteSeq took 57.8ms
tactic execution of Lean.Parser.Tactic.rewriteSeq took 59.1ms
tactic execution of Lean.Parser.Tactic.rewriteSeq took 59.1ms
tactic execution of Lean.Parser.Tactic.rewriteSeq took 63.5ms
tactic execution of Lean.Parser.Tactic.rewriteSeq took 77.2ms
tactic execution of Lean.Parser.Tactic.rewriteSeq took 60.7ms
tactic execution of Lean.Parser.Tactic.rewriteSeq took 69.4ms
tactic execution of Lean.Parser.Tactic.rewriteSeq took 59.9ms
tactic execution of Lean.Parser.Tactic.rewriteSeq took 59.7ms
tactic execution of Lean.Parser.Tactic.rewriteSeq took 59.1ms
tactic execution of Lean.Parser.Tactic.rewriteSeq took 57.1ms
tactic execution of Lean.Parser.Tactic.rewriteSeq took 63.7ms
tactic execution of Lean.Parser.Tactic.rewriteSeq took 78.9ms
tactic execution of Lean.Parser.Tactic.rewriteSeq took 60ms
tactic execution of Lean.Parser.Tactic.rewriteSeq took 70.7ms
tactic execution of Lean.Parser.Tactic.rewriteSeq took 61.8ms
tactic execution of Lean.Parser.Tactic.rewriteSeq took 59.1ms
tactic execution of Lean.Parser.Tactic.rewriteSeq took 63.6ms
tactic execution of Lean.Parser.Tactic.rewriteSeq took 58.2ms
tactic execution of Lean.Parser.Tactic.rewriteSeq took 50.6ms
tactic execution of Lean.Parser.Tactic.rewriteSeq took 65.9ms
tactic execution of Lean.Parser.Tactic.rewriteSeq took 79.6ms
tactic execution of Lean.Parser.Tactic.rewriteSeq took 61.4ms
tactic execution of Lean.Parser.Tactic.rewriteSeq took 69.9ms
tactic execution of Lean.Parser.Tactic.rewriteSeq took 62.6ms
tactic execution of Lean.Parser.Tactic.rewriteSeq took 59ms
tactic execution of Lean.Parser.Tactic.rewriteSeq took 62.3ms
tactic execution of Lean.Parser.Tactic.rewriteSeq took 60.4ms
tactic execution of Lean.Parser.Tactic.rewriteSeq took 64.5ms
tactic execution of Lean.Parser.Tactic.rewriteSeq took 81.7ms
tactic execution of Lean.Parser.Tactic.rewriteSeq took 61.1ms
tactic execution of Lean.Parser.Tactic.rewriteSeq took 71.3ms
tactic execution of Lean.Parser.Tactic.rewriteSeq took 61.6ms
tactic execution of Lean.Parser.Tactic.rewriteSeq took 58.6ms
tactic execution of Lean.Parser.Tactic.rewriteSeq took 60.8ms
tactic execution of Lean.Parser.Tactic.rewriteSeq took 58.3ms
tactic execution of Lean.Parser.Tactic.rewriteSeq took 67.3ms
tactic execution of Lean.Parser.Tactic.rewriteSeq took 81.4ms
tactic execution of Lean.Parser.Tactic.rewriteSeq took 62.3ms
tactic execution of Lean.Parser.Tactic.rewriteSeq took 70.3ms
tactic execution of Lean.Parser.Tactic.rewriteSeq took 63.3ms
tactic execution of Lean.Parser.Tactic.rewriteSeq took 60ms
tactic execution of Lean.Parser.Tactic.rewriteSeq took 62.1ms
tactic execution of Lean.Parser.Tactic.rewriteSeq took 60.1ms
tactic execution of Lean.Parser.Tactic.rewriteSeq took 66.1ms
tactic execution of Lean.Parser.Tactic.rewriteSeq took 80.9ms
tactic execution of Lean.Parser.Tactic.rewriteSeq took 64.5ms
tactic execution of Lean.Parser.Tactic.rewriteSeq took 71.6ms
tactic execution of Lean.Parser.Tactic.rewriteSeq took 63.5ms
tactic execution of Lean.Parser.Tactic.rewriteSeq took 60.9ms
tactic execution of Lean.Parser.Tactic.rewriteSeq took 60.8ms
tactic execution of Lean.Parser.Tactic.rewriteSeq took 60.7ms
tactic execution of Lean.Parser.Tactic.rewriteSeq took 52.6ms
tactic execution of Lean.Parser.Tactic.rewriteSeq took 66.5ms
tactic execution of Lean.Parser.Tactic.rewriteSeq took 82.7ms
tactic execution of Lean.Parser.Tactic.rewriteSeq took 64.6ms
tactic execution of Lean.Parser.Tactic.rewriteSeq took 72.9ms
tactic execution of Lean.Parser.Tactic.rewriteSeq took 64.2ms
tactic execution of Lean.Parser.Tactic.rewriteSeq took 60.1ms
tactic execution of Lean.Parser.Tactic.rewriteSeq took 62.5ms
tactic execution of Lean.Parser.Tactic.rewriteSeq took 61.2ms
tactic execution of Lean.Parser.Tactic.rewriteSeq took 50.2ms
tactic execution of Lean.Parser.Tactic.rewriteSeq took 67.8ms
tactic execution of Lean.Parser.Tactic.rewriteSeq took 82ms
tactic execution of Lean.Parser.Tactic.rewriteSeq took 64.1ms
tactic execution of Lean.Parser.Tactic.rewriteSeq took 73.1ms
tactic execution of Lean.Parser.Tactic.rewriteSeq took 64.3ms
tactic execution of Lean.Parser.Tactic.rewriteSeq took 61.1ms
tactic execution of Lean.Parser.Tactic.rewriteSeq took 64.1ms
tactic execution of Lean.Parser.Tactic.rewriteSeq took 62.2ms
tactic execution of Lean.Parser.Tactic.rewriteSeq took 65.3ms
tactic execution of Lean.Parser.Tactic.rewriteSeq took 84.4ms
tactic execution of Lean.Parser.Tactic.rewriteSeq took 64.2ms
tactic execution of Lean.Parser.Tactic.rewriteSeq took 73.9ms
tactic execution of Lean.Parser.Tactic.rewriteSeq took 63.7ms
tactic execution of Lean.Parser.Tactic.rewriteSeq took 62.2ms
tactic execution of Lean.Parser.Tactic.rewriteSeq took 60.5ms
tactic execution of Lean.Parser.Tactic.rewriteSeq took 60.7ms
tactic execution of Lean.Parser.Tactic.rewriteSeq took 65.6ms
tactic execution of Lean.Parser.Tactic.rewriteSeq took 81.6ms
tactic execution of Lean.Parser.Tactic.rewriteSeq took 61.8ms
tactic execution of Lean.Parser.Tactic.rewriteSeq took 72.3ms
tactic execution of Lean.Parser.Tactic.rewriteSeq took 62.6ms
tactic execution of Lean.Parser.Tactic.rewriteSeq took 59.3ms
tactic execution of Lean.Parser.Tactic.rewriteSeq took 62.2ms
tactic execution of Lean.Parser.Tactic.rewriteSeq took 59.5ms
tactic execution of Lean.Parser.Tactic.rewriteSeq took 67.1ms
tactic execution of Lean.Parser.Tactic.rewriteSeq took 82ms
tactic execution of Lean.Parser.Tactic.rewriteSeq took 63.9ms
tactic execution of Lean.Parser.Tactic.rewriteSeq took 70.9ms
tactic execution of Lean.Parser.Tactic.rewriteSeq took 63.9ms
tactic execution of Lean.Parser.Tactic.rewriteSeq took 60.3ms
tactic execution of Lean.Parser.Tactic.rewriteSeq took 64.2ms
tactic execution of Lean.Parser.Tactic.rewriteSeq took 60.7ms
tactic execution of Lean.Parser.Tactic.rewriteSeq took 50.9ms
tactic execution of Lean.Parser.Tactic.rewriteSeq took 68.3ms
tactic execution of Lean.Parser.Tactic.rewriteSeq took 85.2ms
tactic execution of Lean.Parser.Tactic.rewriteSeq took 64ms
tactic execution of Lean.Parser.Tactic.rewriteSeq took 73.1ms
tactic execution of Lean.Parser.Tactic.rewriteSeq took 63.8ms
tactic execution of Lean.Parser.Tactic.rewriteSeq took 61.5ms
tactic execution of Lean.Parser.Tactic.rewriteSeq took 62.2ms
tactic execution of Lean.Parser.Tactic.rewriteSeq took 60.7ms
tactic execution of Lean.Parser.Tactic.rewriteSeq took 50.5ms
tactic execution of Lean.Parser.Tactic.rewriteSeq took 67.5ms
tactic execution of Lean.Parser.Tactic.rewriteSeq took 83.1ms
tactic execution of Lean.Parser.Tactic.rewriteSeq took 64.8ms
tactic execution of Lean.Parser.Tactic.rewriteSeq took 72.7ms
tactic execution of Lean.Parser.Tactic.rewriteSeq took 62.8ms
tactic execution of Lean.Parser.Tactic.rewriteSeq took 61.7ms
tactic execution of Lean.Parser.Tactic.rewriteSeq took 61.7ms
tactic execution of Lean.Parser.Tactic.rewriteSeq took 60.9ms
tactic execution of Lean.Parser.Tactic.rewriteSeq took 51.7ms
tactic execution of Lean.Parser.Tactic.rewriteSeq took 68ms
tactic execution of Lean.Parser.Tactic.rewriteSeq took 84.5ms
tactic execution of Lean.Parser.Tactic.rewriteSeq took 64ms
tactic execution of Lean.Parser.Tactic.rewriteSeq took 72.9ms
tactic execution of Lean.Parser.Tactic.rewriteSeq took 62.3ms
tactic execution of Lean.Parser.Tactic.rewriteSeq took 60.3ms
tactic execution of Lean.Parser.Tactic.rewriteSeq took 63.1ms
tactic execution of Lean.Parser.Tactic.rewriteSeq took 61ms
tactic execution of Lean.Parser.Tactic.rewriteSeq took 50.7ms
tactic execution of Lean.Parser.Tactic.rewriteSeq took 69.9ms
tactic execution of Lean.Parser.Tactic.rewriteSeq took 85.7ms
tactic execution of Lean.Parser.Tactic.rewriteSeq took 65.4ms
tactic execution of Lean.Parser.Tactic.rewriteSeq took 74.1ms
tactic execution of Lean.Parser.Tactic.rewriteSeq took 65ms
tactic execution of Lean.Parser.Tactic.rewriteSeq took 61.4ms
tactic execution of Lean.Parser.Tactic.rewriteSeq took 63.4ms
tactic execution of Lean.Parser.Tactic.rewriteSeq took 61.7ms
tactic execution of Lean.Parser.Tactic.rewriteSeq took 51.6ms
tactic execution of Lean.Parser.Tactic.rewriteSeq took 69.2ms
tactic execution of Lean.Parser.Tactic.rewriteSeq took 82.8ms
tactic execution of Lean.Parser.Tactic.rewriteSeq took 65.9ms
tactic execution of Lean.Parser.Tactic.rewriteSeq took 74.1ms
tactic execution of Lean.Parser.Tactic.rewriteSeq took 65.1ms
tactic execution of Lean.Parser.Tactic.rewriteSeq took 62.4ms
tactic execution of Lean.Parser.Tactic.rewriteSeq took 63.8ms
tactic execution of Lean.Parser.Tactic.rewriteSeq took 61.9ms
tactic execution of Lean.Parser.Tactic.rewriteSeq took 50.8ms
tactic execution of Lean.Parser.Tactic.rewriteSeq took 68.5ms
tactic execution of Lean.Parser.Tactic.rewriteSeq took 85ms
tactic execution of Lean.Parser.Tactic.rewriteSeq took 64.8ms
tactic execution of Lean.Parser.Tactic.rewriteSeq took 74.5ms
tactic execution of Lean.Parser.Tactic.rewriteSeq took 64.5ms
tactic execution of Lean.Parser.Tactic.rewriteSeq took 62.5ms
tactic execution of Lean.Parser.Tactic.rewriteSeq took 63.5ms
tactic execution of Lean.Parser.Tactic.rewriteSeq took 63.1ms
tactic execution of Lean.Parser.Tactic.rewriteSeq took 52.9ms
tactic execution of Lean.Parser.Tactic.rewriteSeq took 69.5ms
tactic execution of Lean.Parser.Tactic.rewriteSeq took 86.5ms
tactic execution of Lean.Parser.Tactic.rewriteSeq took 66.3ms
tactic execution of Lean.Parser.Tactic.rewriteSeq took 76.2ms
tactic execution of Lean.Parser.Tactic.rewriteSeq took 65.5ms
tactic execution of Lean.Parser.Tactic.rewriteSeq took 63ms
tactic execution of Lean.Parser.Tactic.rewriteSeq took 65.3ms
tactic execution of Lean.Parser.Tactic.rewriteSeq took 63.5ms
tactic execution of Lean.Parser.Tactic.rewriteSeq took 53.3ms
tactic execution of Lean.Parser.Tactic.rewriteSeq took 70.2ms
tactic execution of Lean.Parser.Tactic.rewriteSeq took 85ms
tactic execution of Lean.Parser.Tactic.rewriteSeq took 65.8ms
tactic execution of Lean.Parser.Tactic.rewriteSeq took 74.6ms
tactic execution of Lean.Parser.Tactic.rewriteSeq took 65.4ms
tactic execution of Lean.Parser.Tactic.rewriteSeq took 62.2ms
tactic execution of Lean.Parser.Tactic.rewriteSeq took 64.5ms
tactic execution of Lean.Parser.Tactic.rewriteSeq took 61.6ms
tactic execution of Lean.Parser.Tactic.rewriteSeq took 51.6ms
tactic execution of Lean.Parser.Tactic.rewriteSeq took 70.1ms
tactic execution of Lean.Parser.Tactic.rewriteSeq took 86.6ms
tactic execution of Lean.Parser.Tactic.rewriteSeq took 67.6ms
tactic execution of Lean.Parser.Tactic.rewriteSeq took 75.9ms
tactic execution of Lean.Parser.Tactic.rewriteSeq took 66.7ms
tactic execution of Lean.Parser.Tactic.rewriteSeq took 63ms
tactic execution of Lean.Parser.Tactic.rewriteSeq took 65.8ms
tactic execution of Lean.Parser.Tactic.rewriteSeq took 63.3ms
tactic execution of Lean.Parser.Tactic.rewriteSeq took 52.5ms
tactic execution of Lean.Parser.Tactic.rewriteSeq took 70.1ms
tactic execution of Lean.Parser.Tactic.rewriteSeq took 88.1ms
tactic execution of Lean.Parser.Tactic.rewriteSeq took 69.4ms
tactic execution of Lean.Parser.Tactic.rewriteSeq took 76.1ms
tactic execution of Lean.Parser.Tactic.rewriteSeq took 66.2ms
tactic execution of Lean.Parser.Tactic.rewriteSeq took 63.9ms
tactic execution of Lean.Parser.Tactic.rewriteSeq took 65.3ms
tactic execution of Lean.Parser.Tactic.rewriteSeq took 63.8ms
tactic execution of Lean.Parser.Tactic.rewriteSeq took 52.2ms
tactic execution of Lean.Parser.Tactic.rewriteSeq took 70.3ms
tactic execution of Lean.Parser.Tactic.rewriteSeq took 87.3ms
tactic execution of Lean.Parser.Tactic.rewriteSeq took 66.4ms
tactic execution of Lean.Parser.Tactic.rewriteSeq took 75.8ms
tactic execution of Lean.Parser.Tactic.rewriteSeq took 65.6ms
tactic execution of Lean.Parser.Tactic.rewriteSeq took 63ms
tactic execution of Lean.Parser.Tactic.rewriteSeq took 65ms
tactic execution of Lean.Parser.Tactic.rewriteSeq took 63.9ms
tactic execution of Lean.Parser.Tactic.rewriteSeq took 52.5ms
tactic execution of Lean.Parser.Tactic.rewriteSeq took 73.7ms
tactic execution of Lean.Parser.Tactic.rewriteSeq took 87.4ms
tactic execution of Lean.Parser.Tactic.rewriteSeq took 67.5ms
tactic execution of Lean.Parser.Tactic.rewriteSeq took 78.8ms
tactic execution of Lean.Parser.Tactic.rewriteSeq took 67.2ms
tactic execution of Lean.Parser.Tactic.rewriteSeq took 65.4ms
tactic execution of Lean.Parser.Tactic.rewriteSeq took 67ms
tactic execution of Lean.Parser.Tactic.rewriteSeq took 64.5ms
tactic execution of Lean.Parser.Tactic.rewriteSeq took 56.1ms
tactic execution of Lean.Parser.Tactic.rewriteSeq took 71.2ms
tactic execution of Lean.Parser.Tactic.rewriteSeq took 89.4ms
tactic execution of Lean.Parser.Tactic.rewriteSeq took 67.8ms
tactic execution of Lean.Parser.Tactic.rewriteSeq took 77.1ms
tactic execution of Lean.Parser.Tactic.rewriteSeq took 66.9ms
tactic execution of Lean.Parser.Tactic.rewriteSeq took 64ms
tactic execution of Lean.Parser.Tactic.rewriteSeq took 66.1ms
tactic execution of Lean.Parser.Tactic.rewriteSeq took 64.1ms
tactic execution of Lean.Parser.Tactic.rewriteSeq took 54.8ms
tactic execution of Lean.Parser.Tactic.rewriteSeq took 70ms
tactic execution of Lean.Parser.Tactic.rewriteSeq took 89.1ms
tactic execution of Lean.Parser.Tactic.rewriteSeq took 67.2ms
tactic execution of Lean.Parser.Tactic.rewriteSeq took 78.3ms
tactic execution of Lean.Parser.Tactic.rewriteSeq took 66.7ms
tactic execution of Lean.Parser.Tactic.rewriteSeq took 64ms
tactic execution of Lean.Parser.Tactic.rewriteSeq took 66.2ms
tactic execution of Lean.Parser.Tactic.rewriteSeq took 63.9ms
tactic execution of Lean.Parser.Tactic.rewriteSeq took 53ms
tactic execution of Lean.Parser.Tactic.rewriteSeq took 73.6ms
tactic execution of Lean.Parser.Tactic.rewriteSeq took 87.7ms
tactic execution of Lean.Parser.Tactic.rewriteSeq took 68.6ms
tactic execution of Lean.Parser.Tactic.rewriteSeq took 78.3ms
tactic execution of Lean.Parser.Tactic.rewriteSeq took 69.2ms
tactic execution of Lean.Parser.Tactic.rewriteSeq took 66.5ms
tactic execution of Lean.Parser.Tactic.rewriteSeq took 67.8ms
tactic execution of Lean.Parser.Tactic.rewriteSeq took 65.6ms
tactic execution of Lean.Parser.Tactic.rewriteSeq took 54.4ms
tactic execution of Lean.Parser.Tactic.rewriteSeq took 73.3ms
tactic execution of Lean.Parser.Tactic.rewriteSeq took 88.3ms
tactic execution of Lean.Parser.Tactic.rewriteSeq took 71.7ms
tactic execution of Lean.Parser.Tactic.rewriteSeq took 78.8ms
tactic execution of Lean.Parser.Tactic.rewriteSeq took 69.4ms
tactic execution of Lean.Parser.Tactic.rewriteSeq took 65.4ms
tactic execution of Lean.Parser.Tactic.rewriteSeq took 68ms
tactic execution of Lean.Parser.Tactic.rewriteSeq took 65.6ms
tactic execution of Lean.Parser.Tactic.rewriteSeq took 55.8ms
tactic execution of Lean.Parser.Tactic.rewriteSeq took 73.9ms
tactic execution of Lean.Parser.Tactic.rewriteSeq took 91ms
tactic execution of Lean.Parser.Tactic.rewriteSeq took 70.9ms
tactic execution of Lean.Parser.Tactic.rewriteSeq took 80.1ms
tactic execution of Lean.Parser.Tactic.rewriteSeq took 70ms
tactic execution of Lean.Parser.Tactic.rewriteSeq took 68.3ms
tactic execution of Lean.Parser.Tactic.rewriteSeq took 69.6ms
tactic execution of Lean.Parser.Tactic.rewriteSeq took 67.9ms
tactic execution of Lean.Parser.Tactic.rewriteSeq took 55.2ms
tactic execution of Lean.Parser.Tactic.rewriteSeq took 76.7ms
tactic execution of Lean.Parser.Tactic.rewriteSeq took 91.3ms
tactic execution of Lean.Parser.Tactic.rewriteSeq took 73.7ms
tactic execution of Lean.Parser.Tactic.rewriteSeq took 80.2ms
tactic execution of Lean.Parser.Tactic.rewriteSeq took 70.5ms
tactic execution of Lean.Parser.Tactic.rewriteSeq took 68.4ms
tactic execution of Lean.Parser.Tactic.rewriteSeq took 69.8ms
tactic execution of Lean.Parser.Tactic.rewriteSeq took 69.2ms
tactic execution of Lean.Parser.Tactic.rewriteSeq took 56.2ms
tactic execution of Lean.Parser.Tactic.rewriteSeq took 74.5ms
tactic execution of Lean.Parser.Tactic.rewriteSeq took 90.5ms
tactic execution of Lean.Parser.Tactic.rewriteSeq took 72.5ms
tactic execution of Lean.Parser.Tactic.rewriteSeq took 81.1ms
tactic execution of Lean.Parser.Tactic.rewriteSeq took 70.8ms
tactic execution of Lean.Parser.Tactic.rewriteSeq took 68ms
tactic execution of Lean.Parser.Tactic.rewriteSeq took 69.2ms
tactic execution of Lean.Parser.Tactic.rewriteSeq took 69.3ms
tactic execution of Lean.Parser.Tactic.rewriteSeq took 57.5ms
tactic execution of Lean.Parser.Tactic.rewriteSeq took 73.5ms
tactic execution of Lean.Parser.Tactic.rewriteSeq took 93.7ms
tactic execution of Lean.Parser.Tactic.rewriteSeq took 73.9ms
tactic execution of Lean.Parser.Tactic.rewriteSeq took 82.2ms
tactic execution of Lean.Parser.Tactic.rewriteSeq took 71.9ms
tactic execution of Lean.Parser.Tactic.rewriteSeq took 67.7ms
tactic execution of Lean.Parser.Tactic.rewriteSeq took 69.6ms
tactic execution of Lean.Parser.Tactic.rewriteSeq took 69.8ms
tactic execution of Lean.Parser.Tactic.rewriteSeq took 56.1ms
tactic execution of Lean.Parser.Tactic.rewriteSeq took 75.5ms
tactic execution of Lean.Parser.Tactic.rewriteSeq took 91.5ms
tactic execution of Lean.Parser.Tactic.rewriteSeq took 71.1ms
tactic execution of Lean.Parser.Tactic.rewriteSeq took 81.4ms
tactic execution of Lean.Parser.Tactic.rewriteSeq took 70.7ms
tactic execution of Lean.Parser.Tactic.rewriteSeq took 69.1ms
tactic execution of Lean.Parser.Tactic.rewriteSeq took 69.2ms
tactic execution of Lean.Parser.Tactic.rewriteSeq took 69ms
tactic execution of Lean.Parser.Tactic.rewriteSeq took 56.4ms
tactic execution of Lean.Parser.Tactic.rewriteSeq took 76.5ms
tactic execution of Lean.Parser.Tactic.rewriteSeq took 92.7ms
tactic execution of Lean.Parser.Tactic.rewriteSeq took 75.9ms
tactic execution of Lean.Parser.Tactic.rewriteSeq took 83.2ms
tactic execution of Lean.Parser.Tactic.rewriteSeq took 72.4ms
tactic execution of Lean.Parser.Tactic.rewriteSeq took 71.1ms
tactic execution of Lean.Parser.Tactic.rewriteSeq took 70.8ms
tactic execution of Lean.Parser.Tactic.rewriteSeq took 70.5ms
tactic execution of Lean.Parser.Tactic.rewriteSeq took 58.1ms
tactic execution of Lean.Parser.Tactic.rewriteSeq took 76.2ms
tactic execution of Lean.Parser.Tactic.rewriteSeq took 94.7ms
tactic execution of Lean.Parser.Tactic.rewriteSeq took 72.7ms
tactic execution of Lean.Parser.Tactic.rewriteSeq took 82ms
tactic execution of Lean.Parser.Tactic.rewriteSeq took 71.4ms
tactic execution of Lean.Parser.Tactic.rewriteSeq took 68.9ms
tactic execution of Lean.Parser.Tactic.rewriteSeq took 71.9ms
tactic execution of Lean.Parser.Tactic.rewriteSeq took 68.7ms
tactic execution of Lean.Parser.Tactic.rewriteSeq took 56.3ms
tactic execution of Lean.Parser.Tactic.rewriteSeq took 78.8ms
tactic execution of Lean.Parser.Tactic.rewriteSeq took 93.5ms
tactic execution of Lean.Parser.Tactic.rewriteSeq took 73.5ms
tactic execution of Lean.Parser.Tactic.rewriteSeq took 82.2ms
tactic execution of Lean.Parser.Tactic.rewriteSeq took 72.6ms
tactic execution of Lean.Parser.Tactic.rewriteSeq took 69.6ms
tactic execution of Lean.Parser.Tactic.rewriteSeq took 69.8ms
tactic execution of Lean.Parser.Tactic.rewriteSeq took 69.6ms
tactic execution of Lean.Parser.Tactic.rewriteSeq took 58.8ms
tactic execution of Lean.Parser.Tactic.rewriteSeq took 76.2ms
tactic execution of Lean.Parser.Tactic.rewriteSeq took 94.1ms
tactic execution of Lean.Parser.Tactic.rewriteSeq took 73.5ms
tactic execution of Lean.Parser.Tactic.rewriteSeq took 83.7ms
tactic execution of Lean.Parser.Tactic.rewriteSeq took 72.8ms
tactic execution of Lean.Parser.Tactic.rewriteSeq took 69.9ms
tactic execution of Lean.Parser.Tactic.rewriteSeq took 71.3ms
tactic execution of Lean.Parser.Tactic.rewriteSeq took 70.7ms
tactic execution of Lean.Parser.Tactic.rewriteSeq took 58.2ms
tactic execution of Lean.Parser.Tactic.rewriteSeq took 77.1ms
tactic execution of Lean.Parser.Tactic.rewriteSeq took 93ms
tactic execution of Lean.Parser.Tactic.rewriteSeq took 77ms
tactic execution of Lean.Parser.Tactic.rewriteSeq took 83.7ms
tactic execution of Lean.Parser.Tactic.rewriteSeq took 74.2ms
tactic execution of Lean.Parser.Tactic.rewriteSeq took 70.4ms
tactic execution of Lean.Parser.Tactic.rewriteSeq took 71.6ms
tactic execution of Lean.Parser.Tactic.rewriteSeq took 71.5ms
tactic execution of Lean.Parser.Tactic.rewriteSeq took 58.2ms
tactic execution of Lean.Parser.Tactic.rewriteSeq took 77.5ms
tactic execution of Lean.Parser.Tactic.rewriteSeq took 95.2ms
tactic execution of Lean.Parser.Tactic.rewriteSeq took 75.4ms
tactic execution of Lean.Parser.Tactic.rewriteSeq took 83.7ms
tactic execution of Lean.Parser.Tactic.rewriteSeq took 73.3ms
tactic execution of Lean.Parser.Tactic.rewriteSeq took 71.5ms
tactic execution of Lean.Parser.Tactic.rewriteSeq took 71.6ms
tactic execution of Lean.Parser.Tactic.rewriteSeq took 71.9ms
tactic execution of Lean.Parser.Tactic.rewriteSeq took 58.2ms
tactic execution of Lean.Parser.Tactic.rewriteSeq took 77.7ms
tactic execution of Lean.Parser.Tactic.rewriteSeq took 96.6ms
tactic execution of Lean.Parser.Tactic.rewriteSeq took 75.7ms
tactic execution of Lean.Parser.Tactic.rewriteSeq took 84.5ms
tactic execution of Lean.Parser.Tactic.rewriteSeq took 74.4ms
tactic execution of Lean.Parser.Tactic.rewriteSeq took 71.5ms
tactic execution of Lean.Parser.Tactic.rewriteSeq took 72.2ms
tactic execution of Lean.Parser.Tactic.rewriteSeq took 72.2ms
tactic execution of Lean.Parser.Tactic.rewriteSeq took 58ms
tactic execution of Lean.Parser.Tactic.rewriteSeq took 78.9ms
tactic execution of Lean.Parser.Tactic.rewriteSeq took 95.9ms
tactic execution of Lean.Parser.Tactic.rewriteSeq took 78.1ms
tactic execution of Lean.Parser.Tactic.rewriteSeq took 84.7ms
tactic execution of Lean.Parser.Tactic.rewriteSeq took 76.9ms
tactic execution of Lean.Parser.Tactic.rewriteSeq took 71.4ms
tactic execution of Lean.Parser.Tactic.rewriteSeq took 75.4ms
tactic execution of Lean.Parser.Tactic.rewriteSeq took 72.8ms
tactic execution of Lean.Parser.Tactic.rewriteSeq took 58.2ms
tactic execution of Lean.Parser.Tactic.rewriteSeq took 80ms
tactic execution of Lean.Parser.Tactic.rewriteSeq took 96.9ms
tactic execution of Lean.Parser.Tactic.rewriteSeq took 79.7ms
tactic execution of Lean.Parser.Tactic.rewriteSeq took 83.9ms
tactic execution of Lean.Parser.Tactic.rewriteSeq took 75ms
tactic execution of Lean.Parser.Tactic.rewriteSeq took 70.8ms
tactic execution of Lean.Parser.Tactic.rewriteSeq took 72.2ms
tactic execution of Lean.Parser.Tactic.rewriteSeq took 70.2ms
tactic execution of Lean.Parser.Tactic.rewriteSeq took 58.8ms
tactic execution of Lean.Parser.Tactic.rewriteSeq took 79.5ms
tactic execution of Lean.Parser.Tactic.rewriteSeq took 99ms
tactic execution of Lean.Parser.Tactic.rewriteSeq took 78.3ms
tactic execution of Lean.Parser.Tactic.rewriteSeq took 85.8ms
tactic execution of Lean.Parser.Tactic.rewriteSeq took 77.7ms
tactic execution of Lean.Parser.Tactic.rewriteSeq took 72.9ms
tactic execution of Lean.Parser.Tactic.rewriteSeq took 75.1ms
tactic execution of Lean.Parser.Tactic.rewriteSeq took 71.5ms
tactic execution of Lean.Parser.Tactic.rewriteSeq took 59.6ms
tactic execution of Lean.Parser.Tactic.rewriteSeq took 81.1ms
tactic execution of Lean.Parser.Tactic.rewriteSeq took 101ms
tactic execution of Lean.Parser.Tactic.rewriteSeq took 75.5ms
tactic execution of Lean.Parser.Tactic.rewriteSeq took 84.4ms
tactic execution of Lean.Parser.Tactic.rewriteSeq took 76.1ms
tactic execution of Lean.Parser.Tactic.rewriteSeq took 73.3ms
tactic execution of Lean.Parser.Tactic.rewriteSeq took 77.4ms
tactic execution of Lean.Parser.Tactic.rewriteSeq took 70.8ms
tactic execution of Lean.Parser.Tactic.rewriteSeq took 59.7ms
tactic execution of Lean.Parser.Tactic.rewriteSeq took 81.5ms
tactic execution of Lean.Parser.Tactic.rewriteSeq took 100ms
tactic execution of Lean.Parser.Tactic.rewriteSeq took 76.4ms
tactic execution of Lean.Parser.Tactic.rewriteSeq took 87.2ms
tactic execution of Lean.Parser.Tactic.rewriteSeq took 77.2ms
tactic execution of Lean.Parser.Tactic.rewriteSeq took 73.4ms
tactic execution of Lean.Parser.Tactic.rewriteSeq took 74.6ms
tactic execution of Lean.Parser.Tactic.rewriteSeq took 71.9ms
tactic execution of Lean.Parser.Tactic.rewriteSeq took 62.9ms
tactic execution of Lean.Parser.Tactic.rewriteSeq took 82.7ms
tactic execution of Lean.Parser.Tactic.rewriteSeq took 100ms
tactic execution of Lean.Parser.Tactic.rewriteSeq took 76.1ms
tactic execution of Lean.Parser.Tactic.rewriteSeq took 85.8ms
tactic execution of Lean.Parser.Tactic.rewriteSeq took 74.1ms
tactic execution of Lean.Parser.Tactic.rewriteSeq took 71.3ms
tactic execution of Lean.Parser.Tactic.rewriteSeq took 72.6ms
tactic execution of Lean.Parser.Tactic.rewriteSeq took 72.4ms
tactic execution of Lean.Parser.Tactic.rewriteSeq took 59.9ms
tactic execution of Lean.Parser.Tactic.rewriteSeq took 77.5ms
tactic execution of Lean.Parser.Tactic.rewriteSeq took 95.5ms
tactic execution of Lean.Parser.Tactic.rewriteSeq took 77.1ms
tactic execution of Lean.Parser.Tactic.rewriteSeq took 85.8ms
tactic execution of Lean.Parser.Tactic.rewriteSeq took 74ms
tactic execution of Lean.Parser.Tactic.rewriteSeq took 72.4ms
tactic execution of Lean.Parser.Tactic.rewriteSeq took 73ms
tactic execution of Lean.Parser.Tactic.rewriteSeq took 72.6ms
tactic execution of Lean.Parser.Tactic.rewriteSeq took 58.3ms
tactic execution of Lean.Parser.Tactic.rewriteSeq took 78.4ms
tactic execution of Lean.Parser.Tactic.rewriteSeq took 97.4ms
tactic execution of Lean.Parser.Tactic.rewriteSeq took 75.8ms
tactic execution of Lean.Parser.Tactic.rewriteSeq took 86ms
tactic execution of Lean.Parser.Tactic.rewriteSeq took 73.8ms
tactic execution of Lean.Parser.Tactic.rewriteSeq took 72.9ms
tactic execution of Lean.Parser.Tactic.rewriteSeq took 72.7ms
tactic execution of Lean.Parser.Tactic.rewriteSeq took 72.7ms
tactic execution of Lean.Parser.Tactic.rewriteSeq took 59.8ms
tactic execution of Lean.Parser.Tactic.rewriteSeq took 79.4ms
tactic execution of Lean.Parser.Tactic.rewriteSeq took 97.3ms
tactic execution of Lean.Parser.Tactic.rewriteSeq took 78.9ms
tactic execution of Lean.Parser.Tactic.rewriteSeq took 87.6ms
tactic execution of Lean.Parser.Tactic.rewriteSeq took 74.8ms
tactic execution of Lean.Parser.Tactic.rewriteSeq took 71.1ms
tactic execution of Lean.Parser.Tactic.rewriteSeq took 72.8ms
tactic execution of Lean.Parser.Tactic.rewriteSeq took 72.4ms
tactic execution of Lean.Parser.Tactic.rewriteSeq took 58.9ms
tactic execution of Lean.Parser.Tactic.rewriteSeq took 80.7ms
tactic execution of Lean.Parser.Tactic.rewriteSeq took 102ms
tactic execution of Lean.Parser.Tactic.rewriteSeq took 77.1ms
tactic execution of Lean.Parser.Tactic.rewriteSeq took 86ms
tactic execution of Lean.Parser.Tactic.rewriteSeq took 76.1ms
tactic execution of Lean.Parser.Tactic.rewriteSeq took 72.7ms
tactic execution of Lean.Parser.Tactic.rewriteSeq took 74.4ms
tactic execution of Lean.Parser.Tactic.rewriteSeq took 72.7ms
tactic execution of Lean.Parser.Tactic.rewriteSeq took 59.9ms
tactic execution of Lean.Parser.Tactic.rewriteSeq took 80.6ms
tactic execution of Lean.Parser.Tactic.rewriteSeq took 100ms
tactic execution of Lean.Parser.Tactic.rewriteSeq took 78.4ms
tactic execution of Lean.Parser.Tactic.rewriteSeq took 86.7ms
tactic execution of Lean.Parser.Tactic.rewriteSeq took 75.9ms
tactic execution of Lean.Parser.Tactic.rewriteSeq took 73.7ms
tactic execution of Lean.Parser.Tactic.rewriteSeq took 75.2ms
tactic execution of Lean.Parser.Tactic.rewriteSeq took 73.2ms
tactic execution of Lean.Parser.Tactic.rewriteSeq took 60.1ms
tactic execution of Lean.Parser.Tactic.rewriteSeq took 81.8ms
tactic execution of Lean.Parser.Tactic.rewriteSeq took 100ms
tactic execution of Lean.Parser.Tactic.rewriteSeq took 81.2ms
tactic execution of Lean.Parser.Tactic.rewriteSeq took 87.4ms
tactic execution of Lean.Parser.Tactic.rewriteSeq took 76.8ms
tactic execution of Lean.Parser.Tactic.rewriteSeq took 73.2ms
tactic execution of Lean.Parser.Tactic.rewriteSeq took 75.2ms
tactic execution of Lean.Parser.Tactic.rewriteSeq took 73.6ms
tactic execution of Lean.Parser.Tactic.rewriteSeq took 62.8ms
tactic execution of Lean.Parser.Tactic.rewriteSeq took 81.3ms
tactic execution of Lean.Parser.Tactic.rewriteSeq took 102ms
tactic execution of Lean.Parser.Tactic.rewriteSeq took 77.3ms
tactic execution of Lean.Parser.Tactic.rewriteSeq took 88.3ms
tactic execution of Lean.Parser.Tactic.rewriteSeq took 76.4ms
tactic execution of Lean.Parser.Tactic.rewriteSeq took 73.6ms
tactic execution of Lean.Parser.Tactic.rewriteSeq took 75.1ms
tactic execution of Lean.Parser.Tactic.rewriteSeq took 73.1ms
tactic execution of Lean.Parser.Tactic.rewriteSeq took 59.9ms
tactic execution of Lean.Parser.Tactic.rewriteSeq took 84.2ms
tactic execution of Lean.Parser.Tactic.rewriteSeq took 103ms
tactic execution of Lean.Parser.Tactic.rewriteSeq took 78.7ms
tactic execution of Lean.Parser.Tactic.rewriteSeq took 87.7ms
tactic execution of Lean.Parser.Tactic.rewriteSeq took 76.1ms
tactic execution of Lean.Parser.Tactic.rewriteSeq took 74.6ms
tactic execution of Lean.Parser.Tactic.rewriteSeq took 75.9ms
tactic execution of Lean.Parser.Tactic.rewriteSeq took 74.7ms
tactic execution of Lean.Parser.Tactic.rewriteSeq took 60.7ms
tactic execution of Lean.Parser.Tactic.rewriteSeq took 83.2ms
tactic execution of Lean.Parser.Tactic.rewriteSeq took 104ms
tactic execution of Lean.Parser.Tactic.rewriteSeq took 80.4ms
tactic execution of Lean.Parser.Tactic.rewriteSeq took 87.6ms
tactic execution of Lean.Parser.Tactic.rewriteSeq took 78.8ms
tactic execution of Lean.Parser.Tactic.rewriteSeq took 74.1ms
tactic execution of Lean.Parser.Tactic.rewriteSeq took 76.4ms
tactic execution of Lean.Parser.Tactic.rewriteSeq took 73.1ms
tactic execution of Lean.Parser.Tactic.rewriteSeq took 61ms
tactic execution of Lean.Parser.Tactic.rewriteSeq took 83.2ms
tactic execution of Lean.Parser.Tactic.rewriteSeq took 101ms
tactic execution of Lean.Parser.Tactic.rewriteSeq took 82.9ms
tactic execution of Lean.Parser.Tactic.rewriteSeq took 87.1ms
tactic execution of Lean.Parser.Tactic.rewriteSeq took 78.3ms
tactic execution of Lean.Parser.Tactic.rewriteSeq took 77.2ms
tactic execution of Lean.Parser.Tactic.rewriteSeq took 76.5ms
tactic execution of Lean.Parser.Tactic.rewriteSeq took 74.1ms
tactic execution of Lean.Parser.Tactic.rewriteSeq took 62.3ms
tactic execution of Lean.Parser.Tactic.rewriteSeq took 85.3ms
tactic execution of Lean.Parser.Tactic.rewriteSeq took 103ms
tactic execution of Lean.Parser.Tactic.rewriteSeq took 80.2ms
tactic execution of Lean.Parser.Tactic.rewriteSeq took 91.3ms
tactic execution of Lean.Parser.Tactic.rewriteSeq took 77.6ms
tactic execution of Lean.Parser.Tactic.rewriteSeq took 74.9ms
tactic execution of Lean.Parser.Tactic.rewriteSeq took 78ms
tactic execution of Lean.Parser.Tactic.rewriteSeq took 74.8ms
tactic execution of Lean.Parser.Tactic.rewriteSeq took 62.8ms
tactic execution of Lean.Parser.Tactic.rewriteSeq took 83.8ms
tactic execution of Lean.Parser.Tactic.rewriteSeq took 102ms
tactic execution of Lean.Parser.Tactic.rewriteSeq took 80.8ms
tactic execution of Lean.Parser.Tactic.rewriteSeq took 92.3ms
tactic execution of Lean.Parser.Tactic.rewriteSeq took 78ms
tactic execution of Lean.Parser.Tactic.rewriteSeq took 75.7ms
tactic execution of Lean.Parser.Tactic.rewriteSeq took 76.8ms
tactic execution of Lean.Parser.Tactic.rewriteSeq took 75.1ms
tactic execution of Lean.Parser.Tactic.rewriteSeq took 61.3ms
tactic execution of Lean.Parser.Tactic.rewriteSeq took 94.3ms
tactic execution of Lean.Parser.Tactic.rewriteSeq took 106ms
tactic execution of Lean.Parser.Tactic.rewriteSeq took 84.4ms
tactic execution of Lean.Parser.Tactic.rewriteSeq took 91.7ms
tactic execution of Lean.Parser.Tactic.rewriteSeq took 83.8ms
tactic execution of Lean.Parser.Tactic.rewriteSeq took 75.5ms
tactic execution of Lean.Parser.Tactic.rewriteSeq took 79.2ms
tactic execution of Lean.Parser.Tactic.rewriteSeq took 77.2ms
tactic execution of Lean.Parser.Tactic.rewriteSeq took 64.7ms
tactic execution of Lean.Parser.Tactic.rewriteSeq took 85.1ms
tactic execution of Lean.Parser.Tactic.rewriteSeq took 103ms
tactic execution of Lean.Parser.Tactic.rewriteSeq took 83.5ms
tactic execution of Lean.Parser.Tactic.rewriteSeq took 90.8ms
tactic execution of Lean.Parser.Tactic.rewriteSeq took 79.4ms
tactic execution of Lean.Parser.Tactic.rewriteSeq took 76.3ms
tactic execution of Lean.Parser.Tactic.rewriteSeq took 78.5ms
tactic execution of Lean.Parser.Tactic.rewriteSeq took 75.4ms
tactic execution of Lean.Parser.Tactic.rewriteSeq took 64.2ms
tactic execution of Lean.Parser.Tactic.rewriteSeq took 83.4ms
tactic execution of Lean.Parser.Tactic.rewriteSeq took 103ms
tactic execution of Lean.Parser.Tactic.rewriteSeq took 80.8ms
tactic execution of Lean.Parser.Tactic.rewriteSeq took 91.3ms
tactic execution of Lean.Parser.Tactic.rewriteSeq took 77.1ms
tactic execution of Lean.Parser.Tactic.rewriteSeq took 76.1ms
tactic execution of Lean.Parser.Tactic.rewriteSeq took 77.4ms
tactic execution of Lean.Parser.Tactic.rewriteSeq took 75.2ms
tactic execution of Lean.Parser.Tactic.rewriteSeq took 63.3ms
tactic execution of Lean.Parser.Tactic.rewriteSeq took 84.9ms
tactic execution of Lean.Parser.Tactic.rewriteSeq took 105ms
tactic execution of Lean.Parser.Tactic.rewriteSeq took 81ms
tactic execution of Lean.Parser.Tactic.rewriteSeq took 90.8ms
tactic execution of Lean.Parser.Tactic.rewriteSeq took 79.6ms
tactic execution of Lean.Parser.Tactic.rewriteSeq took 76.4ms
tactic execution of Lean.Parser.Tactic.rewriteSeq took 76.5ms
tactic execution of Lean.Parser.Tactic.rewriteSeq took 77.8ms
tactic execution of Lean.Parser.Tactic.rewriteSeq took 61.8ms
tactic execution of Lean.Parser.Tactic.rewriteSeq took 86.1ms
tactic execution of Lean.Parser.Tactic.rewriteSeq took 104ms
tactic execution of Lean.Parser.Tactic.rewriteSeq took 83.7ms
tactic execution of Lean.Parser.Tactic.rewriteSeq took 91.1ms
tactic execution of Lean.Parser.Tactic.rewriteSeq took 82.6ms
tactic execution of Lean.Parser.Tactic.rewriteSeq took 75.4ms
tactic execution of Lean.Parser.Tactic.rewriteSeq took 78.9ms
tactic execution of Lean.Parser.Tactic.rewriteSeq took 74.8ms
tactic execution of Lean.Parser.Tactic.rewriteSeq took 62.1ms
tactic execution of Lean.Parser.Tactic.rewriteSeq took 86.2ms
tactic execution of Lean.Parser.Tactic.rewriteSeq took 104ms
tactic execution of Lean.Parser.Tactic.rewriteSeq took 87.1ms
tactic execution of Lean.Parser.Tactic.rewriteSeq took 92.9ms
tactic execution of Lean.Parser.Tactic.rewriteSeq took 81ms
tactic execution of Lean.Parser.Tactic.rewriteSeq took 77ms
tactic execution of Lean.Parser.Tactic.rewriteSeq took 80.1ms
tactic execution of Lean.Parser.Tactic.rewriteSeq took 76.5ms
tactic execution of Lean.Parser.Tactic.rewriteSeq took 65.8ms
tactic execution of Lean.Parser.Tactic.rewriteSeq took 84.7ms
tactic execution of Lean.Parser.Tactic.rewriteSeq took 104ms
tactic execution of Lean.Parser.Tactic.rewriteSeq took 82.1ms
tactic execution of Lean.Parser.Tactic.rewriteSeq took 92.9ms
tactic execution of Lean.Parser.Tactic.rewriteSeq took 80.2ms
tactic execution of Lean.Parser.Tactic.rewriteSeq took 79.1ms
tactic execution of Lean.Parser.Tactic.rewriteSeq took 79.4ms
tactic execution of Lean.Parser.Tactic.rewriteSeq took 76.2ms
tactic execution of Lean.Parser.Tactic.rewriteSeq took 63ms
tactic execution of Lean.Parser.Tactic.rewriteSeq took 84.4ms
tactic execution of Lean.Parser.Tactic.rewriteSeq took 106ms
tactic execution of Lean.Parser.Tactic.rewriteSeq took 86.4ms
tactic execution of Lean.Parser.Tactic.rewriteSeq took 92.5ms
tactic execution of Lean.Parser.Tactic.rewriteSeq took 80.2ms
tactic execution of Lean.Parser.Tactic.rewriteSeq took 76.9ms
tactic execution of Lean.Parser.Tactic.rewriteSeq took 78.7ms
tactic execution of Lean.Parser.Tactic.rewriteSeq took 76.9ms
tactic execution of Lean.Parser.Tactic.rewriteSeq took 63.5ms
tactic execution of Lean.Parser.Tactic.rewriteSeq took 86.2ms
tactic execution of Lean.Parser.Tactic.rewriteSeq took 108ms
tactic execution of Lean.Parser.Tactic.rewriteSeq took 85.1ms
tactic execution of Lean.Parser.Tactic.rewriteSeq took 92.6ms
tactic execution of Lean.Parser.Tactic.rewriteSeq took 82.4ms
tactic execution of Lean.Parser.Tactic.rewriteSeq took 78.8ms
tactic execution of Lean.Parser.Tactic.rewriteSeq took 80.4ms
tactic execution of Lean.Parser.Tactic.rewriteSeq took 77.7ms
tactic execution of Lean.Parser.Tactic.rewriteSeq took 65.6ms
tactic execution of Lean.Parser.Tactic.rewriteSeq took 86.7ms
tactic execution of Lean.Parser.Tactic.rewriteSeq took 111ms
tactic execution of Lean.Parser.Tactic.rewriteSeq took 82.7ms
tactic execution of Lean.Parser.Tactic.rewriteSeq took 93.2ms
tactic execution of Lean.Parser.Tactic.rewriteSeq took 80.2ms
tactic execution of Lean.Parser.Tactic.rewriteSeq took 77ms
tactic execution of Lean.Parser.Tactic.rewriteSeq took 80.6ms
tactic execution of Lean.Parser.Tactic.rewriteSeq took 79.7ms
tactic execution of Lean.Parser.Tactic.rewriteSeq took 63.8ms
tactic execution of Lean.Parser.Tactic.rewriteSeq took 86.6ms
tactic execution of Lean.Parser.Tactic.rewriteSeq took 109ms
tactic execution of Lean.Parser.Tactic.rewriteSeq took 86.7ms
tactic execution of Lean.Parser.Tactic.rewriteSeq took 92.3ms
tactic execution of Lean.Parser.Tactic.rewriteSeq took 83ms
tactic execution of Lean.Parser.Tactic.rewriteSeq took 77.3ms
tactic execution of Lean.Parser.Tactic.rewriteSeq took 80.5ms
tactic execution of Lean.Parser.Tactic.rewriteSeq took 77.4ms
tactic execution of Lean.Parser.Tactic.rewriteSeq took 64.5ms
tactic execution of Lean.Parser.Tactic.rewriteSeq took 87.8ms
tactic execution of Lean.Parser.Tactic.rewriteSeq took 108ms
tactic execution of Lean.Parser.Tactic.rewriteSeq took 89ms
tactic execution of Lean.Parser.Tactic.rewriteSeq took 94.2ms
tactic execution of Lean.Parser.Tactic.rewriteSeq took 83ms
tactic execution of Lean.Parser.Tactic.rewriteSeq took 81.2ms
tactic execution of Lean.Parser.Tactic.rewriteSeq took 82ms
tactic execution of Lean.Parser.Tactic.rewriteSeq took 79.9ms
tactic execution of Lean.Parser.Tactic.rewriteSeq took 65.5ms
tactic execution of Lean.Parser.Tactic.rewriteSeq took 86.2ms
tactic execution of Lean.Parser.Tactic.rewriteSeq took 109ms
tactic execution of Lean.Parser.Tactic.rewriteSeq took 89ms
tactic execution of Lean.Parser.Tactic.rewriteSeq took 95.8ms
tactic execution of Lean.Parser.Tactic.rewriteSeq took 82.5ms
tactic execution of Lean.Parser.Tactic.rewriteSeq took 79.4ms
tactic execution of Lean.Parser.Tactic.rewriteSeq took 80.7ms
tactic execution of Lean.Parser.Tactic.rewriteSeq took 79.2ms
tactic execution of Lean.Parser.Tactic.rewriteSeq took 63.5ms
tactic execution of Lean.Parser.Tactic.rewriteSeq took 93.3ms
tactic execution of Lean.Parser.Tactic.rewriteSeq took 116ms
tactic execution of Lean.Parser.Tactic.rewriteSeq took 94.5ms
tactic execution of Lean.Parser.Tactic.rewriteSeq took 102ms
tactic execution of Lean.Parser.Tactic.rewriteSeq took 89.8ms
tactic execution of Lean.Parser.Tactic.rewriteSeq took 84.8ms
tactic execution of Lean.Parser.Tactic.rewriteSeq took 87.2ms
tactic execution of Lean.Parser.Tactic.rewriteSeq took 86.5ms
tactic execution of Lean.Parser.Tactic.rewriteSeq took 69.5ms
tactic execution of Lean.Parser.Tactic.rewriteSeq took 95.4ms
tactic execution of Lean.Parser.Tactic.rewriteSeq took 118ms
tactic execution of Lean.Parser.Tactic.rewriteSeq took 90.2ms
tactic execution of Lean.Parser.Tactic.rewriteSeq took 101ms
tactic execution of Lean.Parser.Tactic.rewriteSeq took 91.1ms
tactic execution of Lean.Parser.Tactic.rewriteSeq took 87.7ms
tactic execution of Lean.Parser.Tactic.rewriteSeq took 88.2ms
tactic execution of Lean.Parser.Tactic.rewriteSeq took 84.4ms
tactic execution of Lean.Parser.Tactic.rewriteSeq took 72.3ms
tactic execution of Lean.Parser.Tactic.rewriteSeq took 93.8ms
tactic execution of Lean.Parser.Tactic.rewriteSeq took 119ms
tactic execution of Lean.Parser.Tactic.rewriteSeq took 93.2ms
tactic execution of Lean.Parser.Tactic.rewriteSeq took 103ms
tactic execution of Lean.Parser.Tactic.rewriteSeq took 86.8ms
tactic execution of Lean.Parser.Tactic.rewriteSeq took 85.7ms
tactic execution of Lean.Parser.Tactic.rewriteSeq took 86.7ms
tactic execution of Lean.Parser.Tactic.rewriteSeq took 85.9ms
tactic execution of Lean.Parser.Tactic.rewriteSeq took 70.9ms
tactic execution of Lean.Parser.Tactic.rewriteSeq took 96.5ms
tactic execution of Lean.Parser.Tactic.rewriteSeq took 121ms
tactic execution of Lean.Parser.Tactic.rewriteSeq took 93.8ms
tactic execution of Lean.Parser.Tactic.rewriteSeq took 101ms
tactic execution of Lean.Parser.Tactic.rewriteSeq took 91.3ms
tactic execution of Lean.Parser.Tactic.rewriteSeq took 85.5ms
tactic execution of Lean.Parser.Tactic.rewriteSeq took 88ms
tactic execution of Lean.Parser.Tactic.rewriteSeq took 85.9ms
tactic execution of Lean.Parser.Tactic.rewriteSeq took 71.8ms
tactic execution of Lean.Parser.Tactic.rewriteSeq took 96ms
tactic execution of Lean.Parser.Tactic.rewriteSeq took 118ms
tactic execution of Lean.Parser.Tactic.rewriteSeq took 93ms
tactic execution of Lean.Parser.Tactic.rewriteSeq took 102ms
tactic execution of Lean.Parser.Tactic.rewriteSeq took 88.4ms
tactic execution of Lean.Parser.Tactic.rewriteSeq took 84.8ms
tactic execution of Lean.Parser.Tactic.rewriteSeq took 87.6ms
tactic execution of Lean.Parser.Tactic.rewriteSeq took 85.1ms
tactic execution of Lean.Parser.Tactic.rewriteSeq took 70.4ms
tactic execution of Lean.Parser.Tactic.rewriteSeq took 96.8ms
tactic execution of Lean.Parser.Tactic.rewriteSeq took 121ms
tactic execution of Lean.Parser.Tactic.rewriteSeq took 102ms
tactic execution of Lean.Parser.Tactic.rewriteSeq took 105ms
tactic execution of Lean.Parser.Tactic.rewriteSeq took 90.2ms
tactic execution of Lean.Parser.Tactic.rewriteSeq took 87.8ms
tactic execution of Lean.Parser.Tactic.rewriteSeq took 87.6ms
tactic execution of Lean.Parser.Tactic.rewriteSeq took 88.3ms
tactic execution of Lean.Parser.Tactic.rewriteSeq took 72.5ms
tactic execution of Lean.Parser.Tactic.rewriteSeq took 96.2ms
tactic execution of Lean.Parser.Tactic.rewriteSeq took 120ms
tactic execution of Lean.Parser.Tactic.rewriteSeq took 93.5ms
tactic execution of Lean.Parser.Tactic.rewriteSeq took 104ms
tactic execution of Lean.Parser.Tactic.rewriteSeq took 92.3ms
tactic execution of Lean.Parser.Tactic.rewriteSeq took 85.7ms
tactic execution of Lean.Parser.Tactic.rewriteSeq took 90.2ms
tactic execution of Lean.Parser.Tactic.rewriteSeq took 85.7ms
tactic execution of Lean.Parser.Tactic.rewriteSeq took 73.9ms
tactic execution of Lean.Parser.Tactic.rewriteSeq took 94.4ms
tactic execution of Lean.Parser.Tactic.rewriteSeq took 122ms
tactic execution of Lean.Parser.Tactic.rewriteSeq took 93.8ms
tactic execution of Lean.Parser.Tactic.rewriteSeq took 105ms
tactic execution of Lean.Parser.Tactic.rewriteSeq took 91.9ms
tactic execution of Lean.Parser.Tactic.rewriteSeq took 86.2ms
tactic execution of Lean.Parser.Tactic.rewriteSeq took 88.8ms
tactic execution of Lean.Parser.Tactic.rewriteSeq took 88.8ms
tactic execution of Lean.Parser.Tactic.rewriteSeq took 72.8ms
tactic execution of Lean.Parser.Tactic.rewriteSeq took 101ms
tactic execution of Lean.Parser.Tactic.rewriteSeq took 123ms
tactic execution of Lean.Parser.Tactic.rewriteSeq took 98.9ms
tactic execution of Lean.Parser.Tactic.rewriteSeq took 106ms
tactic execution of Lean.Parser.Tactic.rewriteSeq took 92.3ms
tactic execution of Lean.Parser.Tactic.rewriteSeq took 89.3ms
tactic execution of Lean.Parser.Tactic.rewriteSeq took 90.5ms
tactic execution of Lean.Parser.Tactic.rewriteSeq took 89.3ms
tactic execution of Lean.Parser.Tactic.rewriteSeq took 73.5ms
tactic execution of Lean.Parser.Tactic.rewriteSeq took 100ms
tactic execution of Lean.Parser.Tactic.rewriteSeq took 122ms
tactic execution of Lean.Parser.Tactic.rewriteSeq took 97.8ms
tactic execution of Lean.Parser.Tactic.rewriteSeq took 108ms
tactic execution of Lean.Parser.Tactic.rewriteSeq took 93.3ms
tactic execution of Lean.Parser.Tactic.rewriteSeq took 90.1ms
tactic execution of Lean.Parser.Tactic.rewriteSeq took 92.4ms
tactic execution of Lean.Parser.Tactic.rewriteSeq took 88.3ms
tactic execution of Lean.Parser.Tactic.rewriteSeq took 75.4ms
tactic execution of Lean.Parser.Tactic.rewriteSeq took 97.3ms
tactic execution of Lean.Parser.Tactic.rewriteSeq took 121ms
tactic execution of Lean.Parser.Tactic.rewriteSeq took 94.6ms
tactic execution of Lean.Parser.Tactic.rewriteSeq took 105ms
tactic execution of Lean.Parser.Tactic.rewriteSeq took 92.4ms
tactic execution of Lean.Parser.Tactic.rewriteSeq took 88.4ms
tactic execution of Lean.Parser.Tactic.rewriteSeq took 89.4ms
tactic execution of Lean.Parser.Tactic.rewriteSeq took 88.4ms
tactic execution of Lean.Parser.Tactic.rewriteSeq took 72.2ms
tactic execution of Lean.Parser.Tactic.rewriteSeq took 97.8ms
tactic execution of Lean.Parser.Tactic.rewriteSeq took 122ms
tactic execution of Lean.Parser.Tactic.rewriteSeq took 97.8ms
tactic execution of Lean.Parser.Tactic.rewriteSeq took 103ms
tactic execution of Lean.Parser.Tactic.rewriteSeq took 93.3ms
tactic execution of Lean.Parser.Tactic.rewriteSeq took 87.6ms
tactic execution of Lean.Parser.Tactic.rewriteSeq took 91.6ms
tactic execution of Lean.Parser.Tactic.rewriteSeq took 87.6ms
tactic execution of Lean.Parser.Tactic.rewriteSeq took 74.6ms
tactic execution of Lean.Parser.Tactic.rewriteSeq took 98.4ms
tactic execution of Lean.Parser.Tactic.rewriteSeq took 121ms
tactic execution of Lean.Parser.Tactic.rewriteSeq took 92.3ms
tactic execution of Lean.Parser.Tactic.rewriteSeq took 105ms
tactic execution of Lean.Parser.Tactic.rewriteSeq took 91.3ms
tactic execution of Lean.Parser.Tactic.rewriteSeq took 88.5ms
tactic execution of Lean.Parser.Tactic.rewriteSeq took 90.3ms
tactic execution of Lean.Parser.Tactic.rewriteSeq took 86.5ms
tactic execution of Lean.Parser.Tactic.rewriteSeq took 71.2ms
tactic execution of Lean.Parser.Tactic.rewriteSeq took 98.7ms
tactic execution of Lean.Parser.Tactic.rewriteSeq took 120ms
tactic execution of Lean.Parser.Tactic.rewriteSeq took 97.1ms
tactic execution of Lean.Parser.Tactic.rewriteSeq took 104ms
tactic execution of Lean.Parser.Tactic.rewriteSeq took 91.5ms
tactic execution of Lean.Parser.Tactic.rewriteSeq took 87.4ms
tactic execution of Lean.Parser.Tactic.rewriteSeq took 90.1ms
tactic execution of Lean.Parser.Tactic.rewriteSeq took 87.9ms
tactic execution of Lean.Parser.Tactic.rewriteSeq took 72.7ms
tactic execution of Lean.Parser.Tactic.rewriteSeq took 96.5ms
tactic execution of Lean.Parser.Tactic.rewriteSeq took 120ms
tactic execution of Lean.Parser.Tactic.rewriteSeq took 92.7ms
tactic execution of Lean.Parser.Tactic.rewriteSeq took 104ms
tactic execution of Lean.Parser.Tactic.rewriteSeq took 93.8ms
tactic execution of Lean.Parser.Tactic.rewriteSeq took 87.1ms
tactic execution of Lean.Parser.Tactic.rewriteSeq took 91.8ms
tactic execution of Lean.Parser.Tactic.rewriteSeq took 85.2ms
tactic execution of Lean.Parser.Tactic.rewriteSeq took 71ms
tactic execution of Lean.Parser.Tactic.rewriteSeq took 97.1ms
tactic execution of Lean.Parser.Tactic.rewriteSeq took 122ms
tactic execution of Lean.Parser.Tactic.rewriteSeq took 94.9ms
tactic execution of Lean.Parser.Tactic.rewriteSeq took 106ms
tactic execution of Lean.Parser.Tactic.rewriteSeq took 90.3ms
tactic execution of Lean.Parser.Tactic.rewriteSeq took 89.9ms
tactic execution of Lean.Parser.Tactic.rewriteSeq took 89.8ms
tactic execution of Lean.Parser.Tactic.rewriteSeq took 86.6ms
tactic execution of Lean.Parser.Tactic.rewriteSeq took 71.3ms
tactic execution of Lean.Parser.Tactic.rewriteSeq took 98.7ms
tactic execution of Lean.Parser.Tactic.rewriteSeq took 120ms
tactic execution of Lean.Parser.Tactic.rewriteSeq took 99.6ms
tactic execution of Lean.Parser.Tactic.rewriteSeq took 104ms
tactic execution of Lean.Parser.Tactic.rewriteSeq took 92ms
tactic execution of Lean.Parser.Tactic.rewriteSeq took 88.4ms
tactic execution of Lean.Parser.Tactic.rewriteSeq took 89.5ms
tactic execution of Lean.Parser.Tactic.rewriteSeq took 86.9ms
tactic execution of Lean.Parser.Tactic.rewriteSeq took 73.7ms
process pre-definitions took 451ms
elaboration took 6.87s
compilation (LCNF base) took 60.9ms
interpretation of _private.Mathlib.Tactic.Linter.UnusedTactic.0.Mathlib.Linter.UnusedTactic.unusedTacticLinter._lam_0._boxed took 998ms
interpretation of Mathlib.TacticAnalysis.tacticAnalysis._lam_0._boxed took 3.34s
interpretation of Batteries.Linter.UnreachableTactic.unreachableTacticLinter._lam_0._boxed took 844ms
interpretation of Batteries.Linter.UnnecessarySeqFocus.unnecessarySeqFocusLinter._lam_1._boxed took 800ms
linting took 1.23s
process pre-definitions took 70.1ms
elaboration took 238ms
interpretation of _private.Mathlib.Tactic.Linter.UnusedTactic.0.Mathlib.Linter.UnusedTactic.unusedTacticLinter._lam_0._boxed took 55.2ms
interpretation of Mathlib.TacticAnalysis.tacticAnalysis._lam_0._boxed took 153ms
interpretation of Batteries.Linter.UnreachableTactic.unreachableTacticLinter._lam_0._boxed took 51.7ms
linting took 74.3ms
cumulative profiling times:
	attribute application 0.215ms
	blocked (unaccounted) 0.24ms
	compilation (IR) 103ms
	compilation (LCNF base) 128ms
	compilation (LCNF mono) 43.5ms
	congr simp thm 1.79ms
	dsimp 22.2ms
	elaboration 7.12s
	fix level params 0.916ms
	import 947ms
	initialization 31ms
	instantiate metavars 39.8ms
	interpretation 6.56s
	let-to-have transformation 12.6ms
	linting 1.31s
	parsing 17.9ms
	process pre-definitions 527ms
	share common exprs 13.3ms
	simp 23.6ms
	tactic execution 72.1s
	type checking 105ms
	typeclass inference 56.6s
