import took 1.03s
tactic execution of Lean.Parser.Tactic.rewriteSeq took 64.8ms
tactic execution of Lean.Parser.Tactic.refine took 80.7ms
simp took 59.8ms
tactic execution of Lean.Parser.Tactic.refine took 102ms
instantiate metavars took 58.9ms
type checking took 93.2ms
interpretation of _private.Mathlib.Tactic.Linter.UnusedTactic.0.Mathlib.Linter.UnusedTactic.unusedTacticLinter._lam_0._boxed took 74.4ms
interpretation of Mathlib.TacticAnalysis.tacticAnalysis._lam_0._boxed took 125ms
linting took 62.3ms
simp took 124ms
interpretation of Mathlib.TacticAnalysis.tacticAnalysis._lam_0._boxed took 55.5ms
simp took 110ms
simp took 351ms
simp took 372ms
tactic execution of Lean.Parser.Tactic.refine took 80.4ms
tactic execution of Lean.Parser.Tactic.exact took 99.3ms
instantiate metavars took 921ms
elaboration took 68.2ms
type checking took 240ms
interpretation of _private.Mathlib.Tactic.Linter.UnusedTactic.0.Mathlib.Linter.UnusedTactic.unusedTacticLinter._lam_0._boxed took 74.9ms
interpretation of Mathlib.TacticAnalysis.tacticAnalysis._lam_0._boxed took 237ms
interpretation of Batteries.Linter.UnreachableTactic.unreachableTacticLinter._lam_0._boxed took 72.8ms
interpretation of Batteries.Linter.UnnecessarySeqFocus.unnecessarySeqFocusLinter._lam_1._boxed took 69.9ms
linting took 60.5ms
simp took 108ms
simp took 281ms
tactic execution of Lean.Parser.Tactic.refine took 107ms
instantiate metavars took 611ms
type checking took 212ms
interpretation of _private.Mathlib.Tactic.Linter.UnusedTactic.0.Mathlib.Linter.UnusedTactic.unusedTacticLinter._lam_0._boxed took 59.8ms
interpretation of Mathlib.TacticAnalysis.tacticAnalysis._lam_0._boxed took 191ms
interpretation of Batteries.Linter.UnreachableTactic.unreachableTacticLinter._lam_0._boxed took 59.8ms
interpretation of Batteries.Linter.UnnecessarySeqFocus.unnecessarySeqFocusLinter._lam_1._boxed took 54.1ms
linting took 54ms
cumulative profiling times:
	attribute application 0.394ms
	blocked (unaccounted) 3.34ms
	compilation (IR) 40.3ms
	compilation (LCNF base) 53.6ms
	compilation (LCNF mono) 22.7ms
	congr simp thm 40.2ms
	dsimp 963ms
	elaboration 224ms
	fix level params 7.49ms
	import 1.03s
	initialization 30.3ms
	instantiate metavars 1.61s
	interpretation 1.56s
	let-to-have transformation 2.72ms
	linting 236ms
	norm_num 2.79ms
	parsing 13.5ms
	process pre-definitions 81.1ms
	ring 17.2ms
	share common exprs 56.3ms
	simp 2.89s
	tactic execution 14.9s
	type checking 705ms
	typeclass inference 8.13s
