import took 1.04s
simp took 211ms
simp took 216ms
tactic execution of Lean.Parser.Tactic.exact took 95.9ms
instantiate metavars took 125ms
type checking took 80.1ms
interpretation of Mathlib.TacticAnalysis.tacticAnalysis._lam_0._boxed took 81.3ms
simp took 60.8ms
simp took 211ms
simp took 58.3ms
instantiate metavars took 117ms
type checking took 78.4ms
interpretation of Mathlib.TacticAnalysis.tacticAnalysis._lam_0._boxed took 83.2ms
simp took 63.2ms
cumulative profiling times:
	attribute application 0.342ms
	compilation (IR) 13.9ms
	compilation (LCNF base) 18.9ms
	compilation (LCNF mono) 7.88ms
	congr simp thm 14.1ms
	dsimp 215ms
	elaboration 69.4ms
	fix level params 2.35ms
	import 1.04s
	initialization 37ms
	instantiate metavars 241ms
	interpretation 537ms
	let-to-have transformation 0.0725ms
	linting 48ms
	norm_num 1.31ms
	parsing 5.85ms
	process pre-definitions 20.3ms
	share common exprs 15.3ms
	simp 1.2s
	tactic execution 3.3s
	type checking 214ms
	typeclass inference 1.87s
