import took 1.44s
interpretation of Mathlib.TacticAnalysis.tacticAnalysis._lam_0._boxed took 88.1ms
elaboration took 51.2ms
interpretation of Mathlib.TacticAnalysis.tacticAnalysis._lam_0._boxed took 51.3ms
simp took 104ms
simp took 106ms
simp took 94.6ms
instantiate metavars took 165ms
type checking took 110ms
simp took 110ms
simp took 97.8ms
instantiate metavars took 122ms
type checking took 88.3ms
cumulative profiling times:
	attribute application 1.83ms
	blocked (unaccounted) 0.414ms
	compilation (IR) 35.7ms
	compilation (LCNF base) 76.5ms
	compilation (LCNF mono) 26.1ms
	congr simp thm 24.1ms
	dsimp 230ms
	elaboration 212ms
	fix level params 3.69ms
	import 1.44s
	initialization 31.4ms
	instantiate metavars 366ms
	interpretation 888ms
	let-to-have transformation 8.67ms
	linting 106ms
	norm_num 3.61ms
	parsing 16.1ms
	process pre-definitions 58.5ms
	ring 2.59ms
	share common exprs 25.8ms
	simp 1.57s
	tactic execution 3.81s
	type checking 549ms
	typeclass inference 2.37s
